// Jest Snapshot v1, https://goo.gl/fbAQLP

exports[`snapshot HA Transfer page 1`] = `
<RCTSafeAreaView
  emulateUnlessSupported={true}
  style={
    Object {
      "backgroundColor": "#fff",
      "flex": 3,
      "paddingHorizontal": 20,
      "paddingVertical": 20,
    }
  }
>
  <View
    style={
      Object {
        "justifyContent": "flex-end",
        "paddingBottom": 20,
        "paddingHorizontal": 20,
      }
    }
  >
    <Text
      style={
        Object {
          "color": "#009387",
          "fontSize": 30,
          "fontWeight": "bold",
          "textAlign": "center",
        }
      }
    >
      TRANSFER  PATIENT 
    </Text>
    <View
      style={
        Object {
          "borderBottomColor": "#009387",
          "borderBottomWidth": 2,
        }
      }
    />
  </View>
  <RCTScrollView
    style={
      Object {
        "marginTop": 50,
        "paddingRight": 20,
      }
    }
  >
    <View>
      <Text
        style={
          Object {
            "color": "#007c7a",
            "fontSize": 16,
          }
        }
      >
        Patient ID
      </Text>
      <View
        style={
          Object {
            "alignItems": "center",
            "borderColor": "#007c7a",
            "borderRadius": 20,
            "borderWidth": 1,
            "flexDirection": "row",
            "marginTop": 5,
            "padding": 5,
          }
        }
      >
        <TextInput
          allowFontScaling={true}
          autoCapitalize="none"
          onChangeText={[Function]}
          placeholder="Enter Id"
          placeholderTextColor="#666666"
          rejectResponderTermination={true}
          style={
            Object {
              "color": "#000",
              "flex": 1,
              "fontSize": 15,
              "paddingLeft": 20,
            }
          }
          testID="id_test"
          underlineColorAndroid="transparent"
          value=""
        />
      </View>
      <Text
        style={
          Object {
            "color": "#007c7a",
            "fontSize": 16,
            "paddingTop": 15,
          }
        }
      >
        Destination Bed Id
      </Text>
      <View
        style={
          Object {
            "alignItems": "center",
            "borderColor": "#007c7a",
            "borderRadius": 20,
            "borderWidth": 1,
            "flexDirection": "row",
            "marginTop": 5,
            "padding": 5,
          }
        }
      >
        <TextInput
          allowFontScaling={true}
          autoCapitalize="none"
          keyboardType="numeric"
          onChangeText={[Function]}
          placeholder="Enter Destination Bed Id"
          placeholderTextColor="#666666"
          rejectResponderTermination={true}
          style={
            Object {
              "color": "#000",
              "flex": 1,
              "fontSize": 15,
              "paddingLeft": 20,
            }
          }
          testID="dest_test"
          underlineColorAndroid="transparent"
          value=""
        />
      </View>
      <View
        accessible={true}
        focusable={true}
        onClick={[Function]}
        onResponderGrant={[Function]}
        onResponderMove={[Function]}
        onResponderRelease={[Function]}
        onResponderTerminate={[Function]}
        onResponderTerminationRequest={[Function]}
        onStartShouldSetResponder={[Function]}
        style={
          Object {
            "alignItems": "center",
            "backgroundColor": "#009387",
            "borderColor": "#20d1ce",
            "borderRadius": 10,
            "borderWidth": 2,
            "marginBottom": 20,
            "marginLeft": 40,
            "marginRight": 40,
            "marginTop": 60,
            "opacity": 1,
            "paddingHorizontal": 10,
            "paddingVertical": 10,
          }
        }
      >
        <Text
          style={
            Object {
              "color": "#fff",
              "fontSize": 20,
            }
          }
        >
          Transfer
        </Text>
      </View>
    </View>
  </RCTScrollView>
</RCTSafeAreaView>
`;
